// Jest Snapshot v1, https://goo.gl/fbAQLP

exports[`Verifies that the dialog opens, its content is visible and then matches the snapshot 1`] = `
<div>
  <div
    class="sel-widget"
  >
    <h1>
      Element selection
    </h1>
    <p>
      Number of selected elements: 
      0
    </p>
    <div
      class="sel-widget__selected-opt-cont"
    >
      <p
        class="no-selected-options"
      >
        Selected elements will appear here
      </p>
    </div>
    <br />
    <button
      class="btn btn--green"
    >
      Change my selection
    </button>
    <div
      class="selector-dialog"
    >
      <p>
        Element Selection Dialog
      </p>
      <div
        class="selector-dialog__filters"
      >
        <div>
          <label>
            Search
          </label>
          <input
            data-testid="mainSearchElement"
            placeholder="Start typing..."
            type="search"
          />
        </div>
        <div>
          <label>
            Filter
          </label>
          <select
            data-testid="mainFilterElement"
          >
            <option
              selected=""
              value="0"
            >
              No filters
            </option>
            <option
              value="1"
            >
              Number &gt; 10
            </option>
            <option
              value="2"
            >
              Number &gt; 50
            </option>
            <option
              value="3"
            >
              Number &gt; 100
            </option>
          </select>
        </div>
      </div>
      <div
        class="selector-dialog__entries"
      />
      <p>
        Currently selected elements:
      </p>
      <div
        class="sel-widget__selected-opt-cont"
      >
        <p
          class="no-selected-options"
        >
          Selected elements will appear here
        </p>
      </div>
      <div
        class="selector-dialog__btns"
      >
        <button
          class="btn btn--green"
        >
          Save
        </button>
        <button
          class="btn btn--red"
        >
          Cancel
        </button>
      </div>
    </div>
  </div>
</div>
`;
